// Jest Snapshot v1, https://goo.gl/fbAQLP

exports[`button 1`] = `
<button
  className="sc-bdVaJa jcogRD"
>
  Example
</button>
`;
